// Jest Snapshot v1, https://goo.gl/fbAQLP

exports[`LoginPrompt LoginPrompt component should properly render the component elements 1`] = `
<ContextConsumer>
  <Component />
</ContextConsumer>
`;
